###############################################################################
#
# IAR ELF Linker V9.30.1.335/W64 for ARM                  12/Oct/2022  09:03:59
# Copyright 2007-2022 IAR Systems AB.
#
#    Output file  =
#        C:\Users\THANG\Dropbox\PC\Desktop\KL46_GIT\project
#        IAR\GPIO\project\Debug\Exe\GPIO.out
#    Map file     =
#        C:\Users\THANG\Dropbox\PC\Desktop\KL46_GIT\project
#        IAR\GPIO\project\Debug\List\GPIO.map
#    Command line =
#        -f "C:\Users\THANG\Dropbox\PC\Desktop\KL46_GIT\project
#        IAR\GPIO\project\Debug\Exe\GPIO.out.rsp"
#        ("C:\Users\THANG\Dropbox\PC\Desktop\KL46_GIT\project
#        IAR\GPIO\project\Debug\Obj\source\Ledbinkling.o"
#        "C:\Users\THANG\Dropbox\PC\Desktop\KL46_GIT\project
#        IAR\GPIO\project\Debug\Obj\Startup\startup_MKL46Z4.o"
#        "C:\Users\THANG\Dropbox\PC\Desktop\KL46_GIT\project
#        IAR\GPIO\project\Debug\Obj\Startup\system_MKL46Z4.o"
#        --no_out_extension -o
#        "C:\Users\THANG\Dropbox\PC\Desktop\KL46_GIT\project
#        IAR\GPIO\project\Debug\Exe\GPIO.out" --map
#        "C:\Users\THANG\Dropbox\PC\Desktop\KL46_GIT\project
#        IAR\GPIO\project\Debug\List\GPIO.map" --config "C:\Program Files\IAR
#        Systems\Embedded Workbench
#        9.1\arm/config/linker/NXP/MKL46Z256xxx4.icf" --semihosting --entry
#        __iar_program_start --vfe --text_out locale --cpu=Cortex-M0+
#        --fpu=None)
#
###############################################################################

*******************************************************************************
*** RUNTIME MODEL ATTRIBUTES
***

CppFlavor       = *
__CPP_Runtime   = 1
__SystemLibrary = DLib
__dlib_version  = 6


*******************************************************************************
*** HEAP SELECTION
***

The basic heap was selected because --advanced_heap
was not specified and the application did not appear to
be primarily optimized for speed.


*******************************************************************************
*** PLACEMENT SUMMARY
***

"A0":  place at address 0x0 { ro section .intvec };
"P1":  place in [from 0x0 to 0x3ff] |
                [from 0x410 to 0x3'ffff] { ro };
define block CSTACK with size = 2K, alignment = 8 { };
define block HEAP with size = 4K, alignment = 8 { };
"P3":  place in [from 0x1fff'e000 to 0x1fff'ffff] |
                [from 0x2000'0000 to 0x2000'5fff] {
          rw, block CSTACK, block HEAP };
"P5":  place in [from 0x400 to 0x40f] { section FlashConfig };

No sections matched the following patterns:

  ro section application_specific_ro  in "P2|P4"
  rw                                  in "P3"
  rw section application_specific_rw  in "P2|P4"


  Section      Kind         Address   Size  Object
  -------      ----         -------   ----  ------
"A0":                                 0xc0
  .intvec      ro code          0x0   0xc0  startup_MKL46Z4.o [1]
                             - 0xc0   0xc0

"P1":                                0x1d2
  .text        ro code         0xc0   0xcc  Ledbinkling.o [2]
  .text        ro code        0x18c   0x24  startup_MKL46Z4.o [1]
  .text        ro code        0x1b0   0x1e  cmain.o [4]
  .text        ro code        0x1ce    0x4  low_level_init.o [3]
  .text        ro code        0x1d2    0x8  exit.o [3]
  .text        ro code        0x1da    0x2  startup_MKL46Z4.o [1]
  .text        ro code        0x1dc    0xa  cexit.o [4]
  .text        ro code        0x1e6    0x2  startup_MKL46Z4.o [1]
  .text        ro code        0x1e8   0x14  exit.o [5]
  .text        ro code        0x1fc   0x1c  cstartup_M.o [4]
  .text        ro code        0x218    0xc  system_MKL46Z4.o [1]
  .text        ro code        0x224    0x8  startup_MKL46Z4.o [1]
  .text        ro code        0x22c    0x8  startup_MKL46Z4.o [1]
  .text        ro code        0x234    0x8  startup_MKL46Z4.o [1]
  .text        ro code        0x23c    0x8  startup_MKL46Z4.o [1]
  .text        ro code        0x244    0x8  startup_MKL46Z4.o [1]
  .text        ro code        0x24c    0x8  startup_MKL46Z4.o [1]
  .text        ro code        0x254    0x8  startup_MKL46Z4.o [1]
  .text        ro code        0x25c    0x8  startup_MKL46Z4.o [1]
  .text        ro code        0x264    0x8  startup_MKL46Z4.o [1]
  .text        ro code        0x26c    0x8  startup_MKL46Z4.o [1]
  .text        ro code        0x274    0x8  startup_MKL46Z4.o [1]
  .text        ro code        0x27c    0x8  startup_MKL46Z4.o [1]
  .text        ro code        0x284    0x8  startup_MKL46Z4.o [1]
  .text        ro code        0x28c    0x2  startup_MKL46Z4.o [1]
  .text        ro code        0x28e    0x2  startup_MKL46Z4.o [1]
  .text        ro code        0x290    0x2  startup_MKL46Z4.o [1]
                            - 0x292  0x1d2

"P5":                                 0x10
  FlashConfig  ro code        0x400   0x10  startup_MKL46Z4.o [1]
                            - 0x410   0x10

"P3":                                0x800
  CSTACK                0x1fff'e000  0x800  <Block>
    CSTACK     uninit   0x1fff'e000  0x800  <Block tail>
                      - 0x1fff'e800  0x800

Unused ranges:

         From           To      Size
         ----           --      ----
        0x292        0x3ff     0x16e
        0x410     0x3'ffff  0x3'fbf0
  0x1fff'e800  0x1fff'ffff    0x1800
  0x2000'0000  0x2000'5fff    0x6000



*******************************************************************************
*** MODULE SUMMARY
***

    Module             ro code  rw data
    ------             -------  -------
command line/config:
    -----------------------------------
    Total:

C:\Users\THANG\Dropbox\PC\Desktop\KL46_GIT\project IAR\GPIO\project\Debug\Obj\Startup: [1]
    startup_MKL46Z4.o      358
    system_MKL46Z4.o        12
    -----------------------------------
    Total:                 370

C:\Users\THANG\Dropbox\PC\Desktop\KL46_GIT\project IAR\GPIO\project\Debug\Obj\source: [2]
    Ledbinkling.o          204
    -----------------------------------
    Total:                 204

dl6M_tln.a: [3]
    exit.o                   8
    low_level_init.o         4
    -----------------------------------
    Total:                  12

rt6M_tl.a: [4]
    cexit.o                 10
    cmain.o                 30
    cstartup_M.o            28
    -----------------------------------
    Total:                  68

shb_l.a: [5]
    exit.o                  20
    -----------------------------------
    Total:                  20

    Linker created                2'048
---------------------------------------
    Grand Total:           674    2'048


*******************************************************************************
*** ENTRY LIST
***

Entry                       Address  Size  Type      Object
-----                       -------  ----  ----      ------
?main                         0x1b1        Code  Gb  cmain.o [4]
ADC0_IRQHandler               0x285        Code  Wk  startup_MKL46Z4.o [1]
CMP0_IRQHandler               0x285        Code  Wk  startup_MKL46Z4.o [1]
CSTACK$$Base            0x1fff'e000         --   Gb  - Linker created -
CSTACK$$Limit           0x1fff'e800         --   Gb  - Linker created -
DAC0_IRQHandler               0x285        Code  Wk  startup_MKL46Z4.o [1]
DELAY_MS                      0x139  0x2c  Code  Gb  Ledbinkling.o [2]
DMA0_DriverIRQHandler         0x285        Code  Wk  startup_MKL46Z4.o [1]
DMA0_IRQHandler               0x225        Code  Wk  startup_MKL46Z4.o [1]
DMA1_DriverIRQHandler         0x285        Code  Wk  startup_MKL46Z4.o [1]
DMA1_IRQHandler               0x22d        Code  Wk  startup_MKL46Z4.o [1]
DMA2_DriverIRQHandler         0x285        Code  Wk  startup_MKL46Z4.o [1]
DMA2_IRQHandler               0x235        Code  Wk  startup_MKL46Z4.o [1]
DMA3_DriverIRQHandler         0x285        Code  Wk  startup_MKL46Z4.o [1]
DMA3_IRQHandler               0x23d        Code  Wk  startup_MKL46Z4.o [1]
DefaultISR                    0x285        Code  Wk  startup_MKL46Z4.o [1]
FTFA_IRQHandler               0x285        Code  Wk  startup_MKL46Z4.o [1]
GPIO_INIT_LED                 0x115  0x24  Code  Gb  Ledbinkling.o [2]
HardFault_Handler             0x1e7        Code  Wk  startup_MKL46Z4.o [1]
I2C0_DriverIRQHandler         0x285        Code  Wk  startup_MKL46Z4.o [1]
I2C0_IRQHandler               0x245        Code  Wk  startup_MKL46Z4.o [1]
I2C1_DriverIRQHandler         0x285        Code  Wk  startup_MKL46Z4.o [1]
I2C1_IRQHandler               0x24d        Code  Wk  startup_MKL46Z4.o [1]
I2S0_DriverIRQHandler         0x285        Code  Wk  startup_MKL46Z4.o [1]
I2S0_IRQHandler               0x27d        Code  Wk  startup_MKL46Z4.o [1]
LCD_IRQHandler                0x285        Code  Wk  startup_MKL46Z4.o [1]
LLWU_IRQHandler               0x285        Code  Wk  startup_MKL46Z4.o [1]
LPTMR0_IRQHandler             0x285        Code  Wk  startup_MKL46Z4.o [1]
LVD_LVW_IRQHandler            0x285        Code  Wk  startup_MKL46Z4.o [1]
MCG_IRQHandler                0x285        Code  Wk  startup_MKL46Z4.o [1]
NMI_Handler                   0x1db        Code  Wk  startup_MKL46Z4.o [1]
PIT_IRQHandler                0x285        Code  Wk  startup_MKL46Z4.o [1]
PORTA_IRQHandler              0x285        Code  Wk  startup_MKL46Z4.o [1]
PORTC_PORTD_IRQHandler        0x285        Code  Wk  startup_MKL46Z4.o [1]
PendSV_Handler                0x28f        Code  Wk  startup_MKL46Z4.o [1]
RTC_IRQHandler                0x285        Code  Wk  startup_MKL46Z4.o [1]
RTC_Seconds_IRQHandler        0x285        Code  Wk  startup_MKL46Z4.o [1]
Region$$Table$$Base             0x0         --   Gb  - Linker created -
Region$$Table$$Limit            0x0         --   Gb  - Linker created -
Reserved20_IRQHandler         0x285        Code  Wk  startup_MKL46Z4.o [1]
Reset_Handler                 0x18d        Code  Wk  startup_MKL46Z4.o [1]
SPI0_DriverIRQHandler         0x285        Code  Wk  startup_MKL46Z4.o [1]
SPI0_IRQHandler               0x255        Code  Wk  startup_MKL46Z4.o [1]
SPI1_DriverIRQHandler         0x285        Code  Wk  startup_MKL46Z4.o [1]
SPI1_IRQHandler               0x25d        Code  Wk  startup_MKL46Z4.o [1]
SVC_Handler                   0x28d        Code  Wk  startup_MKL46Z4.o [1]
SYSTEM_CLOCK_INIT              0xdf  0x36  Code  Gb  Ledbinkling.o [2]
SysTick_Handler               0x291        Code  Wk  startup_MKL46Z4.o [1]
SystemInit                    0x219   0x8  Code  Gb  system_MKL46Z4.o [1]
TPM0_IRQHandler               0x285        Code  Wk  startup_MKL46Z4.o [1]
TPM1_IRQHandler               0x285        Code  Wk  startup_MKL46Z4.o [1]
TPM2_IRQHandler               0x285        Code  Wk  startup_MKL46Z4.o [1]
TSI0_IRQHandler               0x285        Code  Wk  startup_MKL46Z4.o [1]
UART0_DriverIRQHandler        0x285        Code  Wk  startup_MKL46Z4.o [1]
UART0_IRQHandler              0x265        Code  Wk  startup_MKL46Z4.o [1]
UART1_DriverIRQHandler        0x285        Code  Wk  startup_MKL46Z4.o [1]
UART1_IRQHandler              0x26d        Code  Wk  startup_MKL46Z4.o [1]
UART2_DriverIRQHandler        0x285        Code  Wk  startup_MKL46Z4.o [1]
UART2_IRQHandler              0x275        Code  Wk  startup_MKL46Z4.o [1]
USB0_IRQHandler               0x285        Code  Wk  startup_MKL46Z4.o [1]
__Vectors                       0x0         --   Gb  startup_MKL46Z4.o [1]
__Vectors_End                  0xc0        Data  Gb  startup_MKL46Z4.o [1]
__Vectors_Size {Abs}           0xc0         --   Gb  startup_MKL46Z4.o [1]
__cmain                       0x1b1        Code  Gb  cmain.o [4]
__exit                        0x1e9  0x14  Code  Gb  exit.o [5]
__iar_program_start           0x1fd        Code  Gb  cstartup_M.o [4]
__low_level_init              0x1cf   0x4  Code  Gb  low_level_init.o [3]
__vector_table                  0x0        Data  Gb  startup_MKL46Z4.o [1]
__vector_table_0x1c            0x1c        Data  Gb  startup_MKL46Z4.o [1]
_call_main                    0x1bd        Code  Gb  cmain.o [4]
_exit                         0x1dd        Code  Gb  cexit.o [4]
exit                          0x1d3   0x8  Code  Gb  exit.o [3]
main                           0xc1  0x1e  Code  Gb  Ledbinkling.o [2]


[1] = C:\Users\THANG\Dropbox\PC\Desktop\KL46_GIT\project IAR\GPIO\project\Debug\Obj\Startup
[2] = C:\Users\THANG\Dropbox\PC\Desktop\KL46_GIT\project IAR\GPIO\project\Debug\Obj\source
[3] = dl6M_tln.a
[4] = rt6M_tl.a
[5] = shb_l.a

    674 bytes of readonly  code memory
  2'048 bytes of readwrite data memory

Errors: none
Warnings: none
