###############################################################################
#
# IAR ELF Linker V9.30.1.335/W64 for ARM                  04/Oct/2022  08:48:52
# Copyright 2007-2022 IAR Systems AB.
#
#    Output file  =
#        C:\Users\THANG\Dropbox\PC\Desktop\KL46_GIT\Create new project
#        IAR\Button\project\Debug\Exe\Button.out
#    Map file     =
#        C:\Users\THANG\Dropbox\PC\Desktop\KL46_GIT\Create new project
#        IAR\Button\project\Debug\List\Button.map
#    Command line =
#        -f "C:\Users\THANG\Dropbox\PC\Desktop\KL46_GIT\Create new project
#        IAR\Button\project\Debug\Exe\Button.out.rsp"
#        ("C:\Users\THANG\Dropbox\PC\Desktop\KL46_GIT\Create new project
#        IAR\Button\project\Debug\Obj\source\main.o"
#        "C:\Users\THANG\Dropbox\PC\Desktop\KL46_GIT\Create new project
#        IAR\Button\project\Debug\Obj\Startup\startup_MKL46Z4.o"
#        "C:\Users\THANG\Dropbox\PC\Desktop\KL46_GIT\Create new project
#        IAR\Button\project\Debug\Obj\Startup\system_MKL46Z4.o"
#        --no_out_extension -o
#        "C:\Users\THANG\Dropbox\PC\Desktop\KL46_GIT\Create new project
#        IAR\Button\project\Debug\Exe\Button.out" --map
#        "C:\Users\THANG\Dropbox\PC\Desktop\KL46_GIT\Create new project
#        IAR\Button\project\Debug\List\Button.map" --config "C:\Program
#        Files\IAR Systems\Embedded Workbench
#        9.1\arm/config/linker/NXP/MKL46Z256xxx4.icf" --semihosting --entry
#        __iar_program_start --vfe --text_out locale --cpu=Cortex-M0+
#        --fpu=None)
#
###############################################################################

*******************************************************************************
*** RUNTIME MODEL ATTRIBUTES
***

CppFlavor       = *
__CPP_Runtime   = 1
__SystemLibrary = DLib
__dlib_version  = 6


*******************************************************************************
*** HEAP SELECTION
***

The basic heap was selected because --advanced_heap
was not specified and the application did not appear to
be primarily optimized for speed.


*******************************************************************************
*** PLACEMENT SUMMARY
***

"A0":  place at address 0x0 { ro section .intvec };
"P1":  place in [from 0x0 to 0x3ff] |
                [from 0x410 to 0x3'ffff] { ro };
define block CSTACK with size = 2K, alignment = 8 { };
define block HEAP with size = 4K, alignment = 8 { };
"P3":  place in [from 0x1fff'e000 to 0x1fff'ffff] |
                [from 0x2000'0000 to 0x2000'5fff] {
          rw, block CSTACK, block HEAP };
"P5":  place in [from 0x400 to 0x40f] { section FlashConfig };

No sections matched the following patterns:

  ro section application_specific_ro  in "P2|P4"
  rw                                  in "P3"
  rw section application_specific_rw  in "P2|P4"


  Section      Kind         Address   Size  Object
  -------      ----         -------   ----  ------
"A0":                                 0xc0
  .intvec      ro code          0x0   0xc0  startup_MKL46Z4.o [1]
                             - 0xc0   0xc0

"P1":                                0x1a6
  .text        ro code         0xc0   0xa0  main.o [2]
  .text        ro code        0x160   0x24  startup_MKL46Z4.o [1]
  .text        ro code        0x184   0x1e  cmain.o [4]
  .text        ro code        0x1a2    0x4  low_level_init.o [3]
  .text        ro code        0x1a6    0x8  exit.o [3]
  .text        ro code        0x1ae    0x2  startup_MKL46Z4.o [1]
  .text        ro code        0x1b0    0xa  cexit.o [4]
  .text        ro code        0x1ba    0x2  startup_MKL46Z4.o [1]
  .text        ro code        0x1bc   0x14  exit.o [5]
  .text        ro code        0x1d0   0x1c  cstartup_M.o [4]
  .text        ro code        0x1ec    0xc  system_MKL46Z4.o [1]
  .text        ro code        0x1f8    0x8  startup_MKL46Z4.o [1]
  .text        ro code        0x200    0x8  startup_MKL46Z4.o [1]
  .text        ro code        0x208    0x8  startup_MKL46Z4.o [1]
  .text        ro code        0x210    0x8  startup_MKL46Z4.o [1]
  .text        ro code        0x218    0x8  startup_MKL46Z4.o [1]
  .text        ro code        0x220    0x8  startup_MKL46Z4.o [1]
  .text        ro code        0x228    0x8  startup_MKL46Z4.o [1]
  .text        ro code        0x230    0x8  startup_MKL46Z4.o [1]
  .text        ro code        0x238    0x8  startup_MKL46Z4.o [1]
  .text        ro code        0x240    0x8  startup_MKL46Z4.o [1]
  .text        ro code        0x248    0x8  startup_MKL46Z4.o [1]
  .text        ro code        0x250    0x8  startup_MKL46Z4.o [1]
  .text        ro code        0x258    0x8  startup_MKL46Z4.o [1]
  .text        ro code        0x260    0x2  startup_MKL46Z4.o [1]
  .text        ro code        0x262    0x2  startup_MKL46Z4.o [1]
  .text        ro code        0x264    0x2  startup_MKL46Z4.o [1]
                            - 0x266  0x1a6

"P5":                                 0x10
  FlashConfig  ro code        0x400   0x10  startup_MKL46Z4.o [1]
                            - 0x410   0x10

"P3":                                0x800
  CSTACK                0x1fff'e000  0x800  <Block>
    CSTACK     uninit   0x1fff'e000  0x800  <Block tail>
                      - 0x1fff'e800  0x800

Unused ranges:

         From           To      Size
         ----           --      ----
        0x266        0x3ff     0x19a
        0x410     0x3'ffff  0x3'fbf0
  0x1fff'e800  0x1fff'ffff    0x1800
  0x2000'0000  0x2000'5fff    0x6000



*******************************************************************************
*** MODULE SUMMARY
***

    Module             ro code  rw data
    ------             -------  -------
command line/config:
    -----------------------------------
    Total:

C:\Users\THANG\Dropbox\PC\Desktop\KL46_GIT\Create new project IAR\Button\project\Debug\Obj\Startup: [1]
    startup_MKL46Z4.o      358
    system_MKL46Z4.o        12
    -----------------------------------
    Total:                 370

C:\Users\THANG\Dropbox\PC\Desktop\KL46_GIT\Create new project IAR\Button\project\Debug\Obj\source: [2]
    main.o                 160
    -----------------------------------
    Total:                 160

dl6M_tln.a: [3]
    exit.o                   8
    low_level_init.o         4
    -----------------------------------
    Total:                  12

rt6M_tl.a: [4]
    cexit.o                 10
    cmain.o                 30
    cstartup_M.o            28
    -----------------------------------
    Total:                  68

shb_l.a: [5]
    exit.o                  20
    -----------------------------------
    Total:                  20

    Linker created                2'048
---------------------------------------
    Grand Total:           630    2'048


*******************************************************************************
*** ENTRY LIST
***

Entry                       Address  Size  Type      Object
-----                       -------  ----  ----      ------
?main                         0x185        Code  Gb  cmain.o [4]
ADC0_IRQHandler               0x259        Code  Wk  startup_MKL46Z4.o [1]
CMP0_IRQHandler               0x259        Code  Wk  startup_MKL46Z4.o [1]
CSTACK$$Base            0x1fff'e000         --   Gb  - Linker created -
CSTACK$$Limit           0x1fff'e800         --   Gb  - Linker created -
DAC0_IRQHandler               0x259        Code  Wk  startup_MKL46Z4.o [1]
DMA0_DriverIRQHandler         0x259        Code  Wk  startup_MKL46Z4.o [1]
DMA0_IRQHandler               0x1f9        Code  Wk  startup_MKL46Z4.o [1]
DMA1_DriverIRQHandler         0x259        Code  Wk  startup_MKL46Z4.o [1]
DMA1_IRQHandler               0x201        Code  Wk  startup_MKL46Z4.o [1]
DMA2_DriverIRQHandler         0x259        Code  Wk  startup_MKL46Z4.o [1]
DMA2_IRQHandler               0x209        Code  Wk  startup_MKL46Z4.o [1]
DMA3_DriverIRQHandler         0x259        Code  Wk  startup_MKL46Z4.o [1]
DMA3_IRQHandler               0x211        Code  Wk  startup_MKL46Z4.o [1]
DefaultISR                    0x259        Code  Wk  startup_MKL46Z4.o [1]
FTFA_IRQHandler               0x259        Code  Wk  startup_MKL46Z4.o [1]
HardFault_Handler             0x1bb        Code  Wk  startup_MKL46Z4.o [1]
I2C0_DriverIRQHandler         0x259        Code  Wk  startup_MKL46Z4.o [1]
I2C0_IRQHandler               0x219        Code  Wk  startup_MKL46Z4.o [1]
I2C1_DriverIRQHandler         0x259        Code  Wk  startup_MKL46Z4.o [1]
I2C1_IRQHandler               0x221        Code  Wk  startup_MKL46Z4.o [1]
I2S0_DriverIRQHandler         0x259        Code  Wk  startup_MKL46Z4.o [1]
I2S0_IRQHandler               0x251        Code  Wk  startup_MKL46Z4.o [1]
LCD_IRQHandler                0x259        Code  Wk  startup_MKL46Z4.o [1]
LLWU_IRQHandler               0x259        Code  Wk  startup_MKL46Z4.o [1]
LPTMR0_IRQHandler             0x259        Code  Wk  startup_MKL46Z4.o [1]
LVD_LVW_IRQHandler            0x259        Code  Wk  startup_MKL46Z4.o [1]
MCG_IRQHandler                0x259        Code  Wk  startup_MKL46Z4.o [1]
NMI_Handler                   0x1af        Code  Wk  startup_MKL46Z4.o [1]
PIT_IRQHandler                0x259        Code  Wk  startup_MKL46Z4.o [1]
PORTA_IRQHandler              0x259        Code  Wk  startup_MKL46Z4.o [1]
PORTC_PORTD_IRQHandler        0x259        Code  Wk  startup_MKL46Z4.o [1]
PendSV_Handler                0x263        Code  Wk  startup_MKL46Z4.o [1]
RTC_IRQHandler                0x259        Code  Wk  startup_MKL46Z4.o [1]
RTC_Seconds_IRQHandler        0x259        Code  Wk  startup_MKL46Z4.o [1]
Region$$Table$$Base             0x0         --   Gb  - Linker created -
Region$$Table$$Limit            0x0         --   Gb  - Linker created -
Reserved20_IRQHandler         0x259        Code  Wk  startup_MKL46Z4.o [1]
Reset_Handler                 0x161        Code  Wk  startup_MKL46Z4.o [1]
SPI0_DriverIRQHandler         0x259        Code  Wk  startup_MKL46Z4.o [1]
SPI0_IRQHandler               0x229        Code  Wk  startup_MKL46Z4.o [1]
SPI1_DriverIRQHandler         0x259        Code  Wk  startup_MKL46Z4.o [1]
SPI1_IRQHandler               0x231        Code  Wk  startup_MKL46Z4.o [1]
SVC_Handler                   0x261        Code  Wk  startup_MKL46Z4.o [1]
SysTick_Handler               0x265        Code  Wk  startup_MKL46Z4.o [1]
SystemInit                    0x1ed   0x8  Code  Gb  system_MKL46Z4.o [1]
TPM0_IRQHandler               0x259        Code  Wk  startup_MKL46Z4.o [1]
TPM1_IRQHandler               0x259        Code  Wk  startup_MKL46Z4.o [1]
TPM2_IRQHandler               0x259        Code  Wk  startup_MKL46Z4.o [1]
TSI0_IRQHandler               0x259        Code  Wk  startup_MKL46Z4.o [1]
UART0_DriverIRQHandler        0x259        Code  Wk  startup_MKL46Z4.o [1]
UART0_IRQHandler              0x239        Code  Wk  startup_MKL46Z4.o [1]
UART1_DriverIRQHandler        0x259        Code  Wk  startup_MKL46Z4.o [1]
UART1_IRQHandler              0x241        Code  Wk  startup_MKL46Z4.o [1]
UART2_DriverIRQHandler        0x259        Code  Wk  startup_MKL46Z4.o [1]
UART2_IRQHandler              0x249        Code  Wk  startup_MKL46Z4.o [1]
USB0_IRQHandler               0x259        Code  Wk  startup_MKL46Z4.o [1]
__Vectors                       0x0         --   Gb  startup_MKL46Z4.o [1]
__Vectors_End                  0xc0        Data  Gb  startup_MKL46Z4.o [1]
__Vectors_Size {Abs}           0xc0         --   Gb  startup_MKL46Z4.o [1]
__cmain                       0x185        Code  Gb  cmain.o [4]
__exit                        0x1bd  0x14  Code  Gb  exit.o [5]
__iar_program_start           0x1d1        Code  Gb  cstartup_M.o [4]
__low_level_init              0x1a3   0x4  Code  Gb  low_level_init.o [3]
__vector_table                  0x0        Data  Gb  startup_MKL46Z4.o [1]
__vector_table_0x1c            0x1c        Data  Gb  startup_MKL46Z4.o [1]
_call_main                    0x191        Code  Gb  cmain.o [4]
_exit                         0x1b1        Code  Gb  cexit.o [4]
delay                         0x125  0x12  Code  Gb  main.o [2]
exit                          0x1a7   0x8  Code  Gb  exit.o [3]
initLed                        0xe3  0x40  Code  Gb  main.o [2]
main                           0xc1  0x22  Code  Gb  main.o [2]


[1] = C:\Users\THANG\Dropbox\PC\Desktop\KL46_GIT\Create new project IAR\Button\project\Debug\Obj\Startup
[2] = C:\Users\THANG\Dropbox\PC\Desktop\KL46_GIT\Create new project IAR\Button\project\Debug\Obj\source
[3] = dl6M_tln.a
[4] = rt6M_tl.a
[5] = shb_l.a

    630 bytes of readonly  code memory
  2'048 bytes of readwrite data memory

Errors: none
Warnings: none
